07:44:14 **** Incremental Build of configuration Debug for project 3_WorkingWithPrintf ****
make -j4 all 
arm-none-eabi-gcc "../Src/main.c" -mcpu=cortex-m4 -std=gnu11 -g3 -DDEBUG -DSTM32 -DSTM32F4 -DSTM32F411RETx -DSTM32F411xE -c -I../Inc -I"/home/etienne.lima/STM32CubeIDE/Advanced_BareMetal_Programming/3_WorkingWithPrintf/chip_headers/CMSIS/Include" -I"/home/etienne.lima/STM32CubeIDE/Advanced_BareMetal_Programming/3_WorkingWithPrintf/chip_headers/Device/ST/STM32F4xx/Include" -O0 -ffunction-sections -fdata-sections -Wall -fstack-usage -fcyclomatic-complexity -MMD -MP -MF"Src/main.d" -MT"Src/main.o" --specs=nano.specs -mfpu=fpv4-sp-d16 -mfloat-abi=hard -mthumb -o "Src/main.o"
arm-none-eabi-gcc -o "3_WorkingWithPrintf.elf" @"objects.list"   -mcpu=cortex-m4 -T"/home/etienne.lima/STM32CubeIDE/Advanced_BareMetal_Programming/3_WorkingWithPrintf/STM32F411RETX_FLASH.ld" --specs=nosys.specs -Wl,-Map="3_WorkingWithPrintf.map" -Wl,--gc-sections -static --specs=nano.specs -mfpu=fpv4-sp-d16 -mfloat-abi=hard -mthumb -Wl,--start-group -lc -lm -Wl,--end-group
Finished building target: 3_WorkingWithPrintf.elf
 
arm-none-eabi-size  3_WorkingWithPrintf.elf 
arm-none-eabi-objdump -h -S 3_WorkingWithPrintf.elf  > "3_WorkingWithPrintf.list"
   text	   data	    bss	    dec	    hex	filename
   3452	     92	   1900	   5444	   1544	3_WorkingWithPrintf.elf
Finished building: default.size.stdout
 
Finished building: 3_WorkingWithPrintf.list
 

07:44:15 Build Finished. 0 errors, 0 warnings. (took 595ms)

