07:48:28 **** Build of configuration Debug for project 5_WorkingWithUart ****
make -j4 all 
arm-none-eabi-gcc "../Src/uart.c" -mcpu=cortex-m4 -std=gnu11 -g3 -DDEBUG -DSTM32 -DSTM32F4 -DSTM32F411RETx -DSTM32F411xE -c -I../Inc -I"/home/etienne.lima/STM32CubeIDE/Advanced_BareMetal_Programming/5_WorkingWithUart/chip_headers/CMSIS/Include" -I"/home/etienne.lima/STM32CubeIDE/Advanced_BareMetal_Programming/5_WorkingWithUart/chip_headers/Device/ST/STM32F4xx/Include" -O0 -ffunction-sections -fdata-sections -Wall -fstack-usage -fcyclomatic-complexity -MMD -MP -MF"Src/uart.d" -MT"Src/uart.o" --specs=nano.specs -mfpu=fpv4-sp-d16 -mfloat-abi=hard -mthumb -o "Src/uart.o"
arm-none-eabi-gcc -o "5_WorkingWithUart.elf" @"objects.list"   -mcpu=cortex-m4 -T"/home/etienne.lima/STM32CubeIDE/Advanced_BareMetal_Programming/5_WorkingWithUart/STM32F411RETX_FLASH.ld" --specs=nosys.specs -Wl,-Map="5_WorkingWithUart.map" -Wl,--gc-sections -static --specs=nano.specs -mfpu=fpv4-sp-d16 -mfloat-abi=hard -mthumb -Wl,--start-group -lc -lm -Wl,--end-group
Finished building target: 5_WorkingWithUart.elf
 
arm-none-eabi-size  5_WorkingWithUart.elf 
arm-none-eabi-objdump -h -S 5_WorkingWithUart.elf  > "5_WorkingWithUart.list"
   text	   data	    bss	    dec	    hex	filename
   1040	      0	   1568	   2608	    a30	5_WorkingWithUart.elf
Finished building: default.size.stdout
 
Finished building: 5_WorkingWithUart.list
 

07:48:29 Build Finished. 0 errors, 0 warnings. (took 729ms)

