16:54:27 **** Incremental Build of configuration Debug for project 7_DMA_memTomem ****
make -j4 all 
arm-none-eabi-size  7_DMA_memTomem.elf 
   text	   data	    bss	    dec	    hex	filename
   5584	    104	   1912	   7600	   1db0	7_DMA_memTomem.elf
Finished building: default.size.stdout
 
16:55:18 **** Incremental Build of configuration Debug for project 7_DMA_memTomem ****
make -j4 all 
arm-none-eabi-size  7_DMA_memTomem.elf 
   text	   data	    bss	    dec	    hex	filename
   5584	    104	   1912	   7600	   1db0	7_DMA_memTomem.elf
Finished building: default.size.stdout
 
16:56:21 **** Incremental Build of configuration Debug for project 7_DMA_memTomem ****
make -j4 all 
arm-none-eabi-gcc "../Src/main.c" -mcpu=cortex-m4 -std=gnu11 -g3 -DDEBUG -DSTM32 -DSTM32F4 -DSTM32F411RETx -DSTM32F411xE -c -I../Inc -I"/home/etienne.lima/STM32CubeIDE/Advanced_BareMetal_Programming/7_DMA_memTomem/chip_headers/CMSIS/Include" -I"/home/etienne.lima/STM32CubeIDE/Advanced_BareMetal_Programming/7_DMA_memTomem/chip_headers/Device/ST/STM32F4xx/Include" -O0 -ffunction-sections -fdata-sections -Wall -fstack-usage -fcyclomatic-complexity -MMD -MP -MF"Src/main.d" -MT"Src/main.o" --specs=nano.specs -mfpu=fpv4-sp-d16 -mfloat-abi=hard -mthumb -o "Src/main.o"
arm-none-eabi-gcc -o "7_DMA_memTomem.elf" @"objects.list"   -mcpu=cortex-m4 -T"/home/etienne.lima/STM32CubeIDE/Advanced_BareMetal_Programming/7_DMA_memTomem/STM32F411RETX_FLASH.ld" --specs=nosys.specs -Wl,-Map="7_DMA_memTomem.map" -Wl,--gc-sections -static --specs=nano.specs -mfpu=fpv4-sp-d16 -mfloat-abi=hard -mthumb -Wl,--start-group -lc -lm -Wl,--end-group
Finished building target: 7_DMA_memTomem.elf
 
arm-none-eabi-size  7_DMA_memTomem.elf 
arm-none-eabi-objdump -h -S 7_DMA_memTomem.elf  > "7_DMA_memTomem.list"
   text	   data	    bss	    dec	    hex	filename
   5584	    104	   1912	   7600	   1db0	7_DMA_memTomem.elf
Finished building: default.size.stdout
 
Finished building: 7_DMA_memTomem.list
 
16:57:36 **** Incremental Build of configuration Debug for project 7_DMA_memTomem ****
make -j4 all 
arm-none-eabi-size  7_DMA_memTomem.elf 
   text	   data	    bss	    dec	    hex	filename
   5584	    104	   1912	   7600	   1db0	7_DMA_memTomem.elf
Finished building: default.size.stdout
 
